<html>
<body>
<pre>
<h1>µVision Build Log</h1>
<h2>Tool Versions:</h2>
IDE-Version: µVision V5.17.0.0
Copyright (C) 2015 ARM Ltd and ARM Germany GmbH. All rights reserved.
License Information: hoang khoa, dasdasd, LIC=X96CK-ZJS4S-Y8AFK-Z46XE-SQ46Z-AM0W2
 
Tool Versions:
Toolchain:       MDK-ARM Standard  Version: 5.17
Toolchain Path:  C:\Keil_v5\ARM\ARMCC\Bin
C Compiler:      Armcc.exe V5.06 update 1 (build 61)
Assembler:       Armasm.exe V5.06 update 1 (build 61)
Linker/Locator:  ArmLink.exe V5.06 update 1 (build 61)
Library Manager: ArmAr.exe V5.06 update 1 (build 61)
Hex Converter:   FromElf.exe V5.06 update 1 (build 61)
CPU DLL:         SARMCM3.DLL V5.17
Dialog DLL:      DCM.DLL V1.13.4.0
Target DLL:      STLink\ST-LINKIII-KEIL_SWO.dll V2.0.18.0
Dialog DLL:      TCM.DLL V1.14.6.0
 
<h2>Project:</h2>
C:\Users\Admin\Documents\KeilC\DHT11\MDK\dht11.uvprojx
Project File Date:  09/10/2025

<h2>Output:</h2>
*** Using Compiler 'V5.06 update 1 (build 61)', folder: 'C:\Keil_v5\ARM\ARMCC\Bin'
Rebuild target 'Target 1'
assembling startup_stm32f10x_md.s...
compiling dht11.c...
compiling stm32f10x_flash.c...
compiling uart.c...
compiling stm32f10x_rcc.c...
compiling stm32f10x_gpio.c...
compiling system_stm32f10x.c...
compiling timer.c...
compiling stm32f10x_usart.c...
compiling main.c...
compiling stm32f10x_tim.c...
compiling misc.c...
linking...
Program Size: Code=2820 RO-data=268 RW-data=20 ZI-data=1636  
FromELF: creating hex file...
".\Objects\dht11.axf" - 0 Error(s), 0 Warning(s).

<h2>Software Packages used:</h2>

Package Vendor: ARM
                http://www.keil.com/pack/ARM.CMSIS.5.7.0.pack
                ARM::CMSIS:CORE:5.4.0
                CMSIS (Cortex Microcontroller Software Interface Standard)
   * Component: CORE Version: 5.4.0

Package Vendor: Keil
                https://www.keil.com/pack/Keil.STM32F1xx_DFP.2.4.1.pack
                Keil::Device:StdPeriph Drivers:Flash:3.6.0
                STMicroelectronics STM32F1 Series Device Support, Drivers and Examples
   * Component: Flash Version: 3.6.0
   * Component: GPIO Version: 3.6.0
   * Component: Startup Version: 1.0.0
   * Component: TIM Version: 3.6.0
   * Component: Framework Version: 3.6.0
   * Component: RCC Version: 3.6.0
   * Component: USART Version: 3.6.0

<h2>Collection of Component include folders:</h2>
  C:\Users\Admin\Documents\KeilC\DHT11\MDK\RTE
  C:\Users\Admin\Documents\KeilC\DHT11\MDK\RTE\Device\STM32F103C8
  C:\Users\Admin\AppData\Local\Arm\Packs\ARM\CMSIS\5.7.0\CMSIS\Core\Include
  C:\Users\Admin\AppData\Local\Arm\Packs\Keil\STM32F1xx_DFP\2.4.1\Device\Include
  C:\Users\Admin\AppData\Local\Arm\Packs\Keil\STM32F1xx_DFP\2.4.1\Device\StdPeriph_Driver\inc

<h2>Collection of Component Files used:</h2>

   * Component: ARM::CMSIS:CORE:5.4.0
      Include file:  CMSIS\Core\Include\tz_context.h
      Source file:   CMSIS\Core\Template\ARMv8-M\main_s.c
      Source file:   CMSIS\Core\Template\ARMv8-M\tz_context.c

   * Component: Keil::Device:StdPeriph Drivers:Flash:3.6.0
      Source file:   Device\StdPeriph_Driver\src\stm32f10x_flash.c
      Include file:  Device\StdPeriph_Driver\inc\stm32f10x_flash.h

   * Component: Keil::Device:StdPeriph Drivers:GPIO:3.6.0
      Include file:  Device\StdPeriph_Driver\inc\stm32f10x_gpio.h
      Source file:   Device\StdPeriph_Driver\src\stm32f10x_gpio.c

   * Component: Keil::Device:Startup:1.0.0
      Include file:  RTE_Driver\Config\RTE_Device.h
      Source file:   Device\Source\ARM\startup_stm32f10x_md.s
      Source file:   Device\Source\system_stm32f10x.c
      Source file:   Device\Source\ARM\STM32F1xx_OPT.s

   * Component: Keil::Device:StdPeriph Drivers:TIM:3.6.0
      Include file:  Device\StdPeriph_Driver\inc\stm32f10x_tim.h
      Source file:   Device\StdPeriph_Driver\src\stm32f10x_tim.c

   * Component: Keil::Device:StdPeriph Drivers:Framework:3.6.0
      Source file:   Device\StdPeriph_Driver\src\misc.c
      Source file:   Device\StdPeriph_Driver\templates\stm32f10x_it.c
      Include file:  Device\StdPeriph_Driver\templates\stm32f10x_it.h
      Include file:  Device\StdPeriph_Driver\inc\misc.h
      Source file:   Device\StdPeriph_Driver\templates\stm32f10x_conf.h

   * Component: Keil::Device:StdPeriph Drivers:RCC:3.6.0
      Source file:   Device\StdPeriph_Driver\src\stm32f10x_rcc.c
      Include file:  Device\StdPeriph_Driver\inc\stm32f10x_rcc.h

   * Component: Keil::Device:StdPeriph Drivers:USART:3.6.0
      Source file:   Device\StdPeriph_Driver\src\stm32f10x_usart.c
      Include file:  Device\StdPeriph_Driver\inc\stm32f10x_usart.h
Build Time Elapsed:  00:00:01
</pre>
</body>
</html>
